// Jest Snapshot v1, https://goo.gl/fbAQLP

exports[`<SearchPeople /> tests Data loading tests matches snapshot 1`] = `
<styled.div>
  <styled.div>
    <Spinner />
  </styled.div>
  <styled.h2>
    Search people
  </styled.h2>
  <styled.div>
    <SearchBox
      disabled={false}
      id="searchField"
      label="Search people"
      name="searchField"
      onSearchChange={[Function]}
      value=""
    />
    <CustomButton
      collapse={false}
      onClick={[Function]}
      selected={false}
      size="medium"
      type="button"
      variant="default"
    >
      Search
    </CustomButton>
  </styled.div>
  <styled.div>
    <styled.table>
      <styled.thead>
        <TableHeader
          deviceType="big-desktop"
        />
      </styled.thead>
      <styled.tbody>
        <TableBody
          deviceType="big-desktop"
          filteredSearchArray={Array []}
          searchArray={Array []}
        />
      </styled.tbody>
    </styled.table>
  </styled.div>
  <styled.div>
    <Pagination />
  </styled.div>
</styled.div>
`;

exports[`<SearchPeople /> tests Store with data tests matches snapshot 1`] = `
<styled.div>
  <styled.h2>
    Search people
  </styled.h2>
  <styled.div>
    <SearchBox
      disabled={false}
      id="searchField"
      label="Search people"
      name="searchField"
      onSearchChange={[Function]}
      value=""
    />
    <CustomButton
      collapse={false}
      onClick={[Function]}
      selected={false}
      size="small"
      type="button"
      variant="default"
    >
      Search
    </CustomButton>
  </styled.div>
  <styled.div>
    <styled.table>
      <styled.thead>
        <TableHeader
          deviceType="phone"
        />
      </styled.thead>
      <styled.tbody>
        <TableBody
          deviceType="phone"
          filteredSearchArray={
            Array [
              Object {
                "birthYear": "112BBY",
                "eyeColor": "yellow",
                "gender": "n/a",
                "hairColor": "n/a",
                "height": "167",
                "mass": "75",
                "name": "C-3PO",
                "skinColor": "gold",
              },
              Object {
                "birthYear": "41.9BBY",
                "eyeColor": "yellow",
                "gender": "male",
                "hairColor": "none",
                "height": "202",
                "mass": "136",
                "name": "Darth Vader",
                "skinColor": "white",
              },
              Object {
                "birthYear": "52BBY",
                "eyeColor": "blue",
                "gender": "male",
                "hairColor": "brown, grey",
                "height": "178",
                "mass": "120",
                "name": "Owen Lars",
                "skinColor": "light",
              },
              Object {
                "birthYear": "47BBY",
                "eyeColor": "blue",
                "gender": "female",
                "hairColor": "brown",
                "height": "165",
                "mass": "75",
                "name": "Beru Whitesun lars",
                "skinColor": "light",
              },
              Object {
                "birthYear": "unknown",
                "eyeColor": "red",
                "gender": "n/a",
                "hairColor": "n/a",
                "height": "97",
                "mass": "32",
                "name": "R5-D4",
                "skinColor": "white, red",
              },
              Object {
                "birthYear": "24BBY",
                "eyeColor": "brown",
                "gender": "male",
                "hairColor": "black",
                "height": "183",
                "mass": "84",
                "name": "Biggs Darklighter",
                "skinColor": "light",
              },
              Object {
                "birthYear": "57BBY",
                "eyeColor": "blue-gray",
                "gender": "male",
                "hairColor": "auburn, white",
                "height": "182",
                "mass": "77",
                "name": "Obi-Wan Kenobi",
                "skinColor": "fair",
              },
            ]
          }
          searchArray={
            Array [
              Object {
                "birthYear": "19BBY",
                "eyeColor": "blue",
                "gender": "male",
                "hairColor": "blond",
                "height": "172",
                "mass": "77",
                "name": "Luke Skywalker",
                "skinColor": "fair",
              },
              Object {
                "birthYear": "112BBY",
                "eyeColor": "yellow",
                "gender": "n/a",
                "hairColor": "n/a",
                "height": "167",
                "mass": "75",
                "name": "C-3PO",
                "skinColor": "gold",
              },
              Object {
                "birthYear": "33BBY",
                "eyeColor": "red",
                "gender": "n/a",
                "hairColor": "n/a",
                "height": "96",
                "mass": "32",
                "name": "R2-D2",
                "skinColor": "white, blue",
              },
              Object {
                "birthYear": "41.9BBY",
                "eyeColor": "yellow",
                "gender": "male",
                "hairColor": "none",
                "height": "202",
                "mass": "136",
                "name": "Darth Vader",
                "skinColor": "white",
              },
              Object {
                "birthYear": "19BBY",
                "eyeColor": "brown",
                "gender": "female",
                "hairColor": "brown",
                "height": "150",
                "mass": "49",
                "name": "Leia Organa",
                "skinColor": "light",
              },
              Object {
                "birthYear": "52BBY",
                "eyeColor": "blue",
                "gender": "male",
                "hairColor": "brown, grey",
                "height": "178",
                "mass": "120",
                "name": "Owen Lars",
                "skinColor": "light",
              },
              Object {
                "birthYear": "47BBY",
                "eyeColor": "blue",
                "gender": "female",
                "hairColor": "brown",
                "height": "165",
                "mass": "75",
                "name": "Beru Whitesun lars",
                "skinColor": "light",
              },
              Object {
                "birthYear": "unknown",
                "eyeColor": "red",
                "gender": "n/a",
                "hairColor": "n/a",
                "height": "97",
                "mass": "32",
                "name": "R5-D4",
                "skinColor": "white, red",
              },
              Object {
                "birthYear": "24BBY",
                "eyeColor": "brown",
                "gender": "male",
                "hairColor": "black",
                "height": "183",
                "mass": "84",
                "name": "Biggs Darklighter",
                "skinColor": "light",
              },
              Object {
                "birthYear": "57BBY",
                "eyeColor": "blue-gray",
                "gender": "male",
                "hairColor": "auburn, white",
                "height": "182",
                "mass": "77",
                "name": "Obi-Wan Kenobi",
                "skinColor": "fair",
              },
            ]
          }
        />
      </styled.tbody>
    </styled.table>
  </styled.div>
  <styled.div>
    <Pagination />
  </styled.div>
</styled.div>
`;
